2026-01-21 10:05:45 IST [pid=6742]: customer_jdoe QUERY: SELECT * FROM users WHERE username='customer_jdoe'; session_id=8f2a9c1d transaction_id=- status=success
2026-01-21 10:06:58 IST [pid=8129]: customer_awilson QUERY: SELECT account_balance FROM accounts WHERE user_id='customer_awilson'; session_id=8f2a9c1d transaction_id=- status=success
2026-01-21 10:08:37 IST [pid=5391]: acc_7841 QUERY: SELECT balance, available_balance FROM accounts WHERE account_number='7841'; session_id=3b9e7f42 transaction_id=- status=success
2026-01-21 10:10:22 IST [pid=9184]: customer_mchen QUERY: UPDATE accounts SET balance=balance-4500 WHERE user_id='customer_mchen'; session_id=6d41e8c9 transaction_id=tx472819 status=success
2026-01-21 10:11:19 IST [pid=3057]: customer_rpatel QUERY: SELECT * FROM transactions WHERE user_id='customer_rpatel' ORDER BY transaction_date DESC LIMIT 20; session_id=9a1b3c7e transaction_id=- status=success
2026-01-21 10:13:04 IST [pid=7621]: customer_sjones QUERY: UPDATE accounts SET balance=balance-12000 WHERE user_id='customer_sjones'; session_id=4c8d2f5a transaction_id=tx583920 status=failed error=insufficient_funds
2026-01-21 10:14:48 IST [pid=4810]: acc_5623 QUERY: INSERT INTO transactions (account_id, amount, type, status) VALUES ('5623', 3200, 'bill_payment', 'completed'); session_id=7e9f1a3b transaction_id=tx671204 status=success
2026-01-21 10:16:12 IST [pid=6934]: customer_kgarcia QUERY: SELECT statement_data FROM statements WHERE user_id='customer_kgarcia' AND month='12' AND year='2025'; session_id=5f8c3a2b transaction_id=- status=success
2026-01-21 10:17:35 IST [pid=4456]: admin_smith QUERY: SELECT * FROM admin_users WHERE username='admin_smith'; session_id=a1b2c3d4 transaction_id=- status=success
2026-01-21 10:19:05 IST [pid=7891]: customer_bdavis QUERY: INSERT INTO deposits (account_id, amount, method) VALUES ('customer_bdavis', 5000, 'mobile_check'); session_id=8e7f6a5b transaction_id=tx784512 status=success
2026-01-21 10:20:42 IST [pid=2234]: customer_lrodriguez QUERY: SELECT first_name, last_name, email FROM user_profiles WHERE user_id='customer_lrodriguez'; session_id=3c4d5e6f transaction_id=- status=success
2026-01-21 10:22:15 IST [pid=5567]: customer_tmoore QUERY: UPDATE user_profiles SET phone='555-123-4567' WHERE user_id='customer_tmoore'; session_id=7g8h9i0j transaction_id=- status=success
2026-01-21 10:23:48 IST [pid=8890]: customer_jmartinez QUERY: SELECT account_number, type FROM accounts WHERE user_id='customer_jmartinez'; session_id=1k2l3m4n transaction_id=- status=success
2026-01-21 10:25:30 IST [pid=3345]: acc_9123 QUERY: INSERT INTO wire_transfers (from_account, to_account, amount, swift_code) VALUES ('9123', 'US123456789', 25000, 'BOFAUS3N'); session_id=5o6p7q8r transaction_id=tx912345 status=success
2026-01-21 10:27:05 IST [pid=6678]: customer_nlee QUERY: SELECT card_number, expiry_date FROM credit_cards WHERE user_id='customer_nlee'; session_id=9s0t1u2v transaction_id=- status=success
2026-01-21 10:28:39 IST [pid=1123]: customer_hwilson QUERY: UPDATE credit_cards SET balance=balance-299.99 WHERE card_id='card_12345'; session_id=3w4x5y6z transaction_id=tx123456 status=success
2026-01-21 10:30:24 IST [pid=4456]: customer_panderson QUERY: SELECT loan_amount, interest_rate FROM loans WHERE user_id='customer_panderson'; session_id=7a8b9c0d transaction_id=- status=success
2026-01-21 10:32:08 IST [pid=7789]: acc_3478 QUERY: INSERT INTO loan_applications (user_id, amount, purpose) VALUES ('acc_3478', 15000, 'home_improvement'); session_id=1e2f3g4h transaction_id=tx234567 status=success
2026-01-21 10:33:52 IST [pid=2231]: customer_mthomas QUERY: SELECT stock_symbol, shares FROM investments WHERE user_id='customer_mthomas'; session_id=5i6j7k8l transaction_id=- status=success
2026-01-21 10:35:37 IST [pid=5566]: customer_rtaylor QUERY: INSERT INTO stock_orders (user_id, symbol, shares, price) VALUES ('customer_rtaylor', 'AAPL', 10, 185.50); session_id=9m0n1o2p transaction_id=tx345678 status=success
2026-01-21 10:37:23 IST [pid=8899]: customer_awhite QUERY: SELECT mortgage_balance, interest_rate FROM mortgages WHERE user_id='customer_awhite'; session_id=3q4r5s6t transaction_id=- status=success
2026-01-21 10:39:10 IST [pid=3344]: customer_wharris QUERY: SELECT payment_amount FROM mortgage_calculator WHERE principal=300000 AND rate=4.5; session_id=7u8v9w0x transaction_id=- status=success
2026-01-21 10:40:58 IST [pid=6677]: acc_6789 QUERY: SELECT alert_type, threshold FROM account_alerts WHERE account_id='6789'; session_id=1y2z3a4b transaction_id=- status=success
2026-01-21 10:42:47 IST [pid=1122]: customer_sclark QUERY: INSERT INTO account_alerts (account_id, alert_type, threshold) VALUES ('customer_sclark', 'low_balance', 1000); session_id=5c6d7e8f transaction_id=tx456789 status=success
2026-01-21 10:44:35 IST [pid=4455]: customer_rlewis QUERY: SELECT ticket_id, status FROM support_tickets WHERE user_id='customer_rlewis'; session_id=9g0h1i2j transaction_id=- status=success
2026-01-21 10:46:24 IST [pid=7788]: customer_jwalker QUERY: INSERT INTO support_tickets (user_id, subject, description) VALUES ('customer_jwalker', 'Login Issue', 'Cannot access account'); session_id=3k4l5m6n transaction_id=tx567890 status=success
2026-01-21 10:48:15 IST [pid=2230]: customer_arobinson QUERY: SELECT email_notifications, sms_alerts FROM user_settings WHERE user_id='customer_arobinson'; session_id=7o8p9q0r transaction_id=- status=success
2026-01-21 10:50:07 IST [pid=5565]: acc_2345 QUERY: UPDATE user_auth SET password_hash='$2y$10$...' WHERE user_id='acc_2345'; session_id=1s2t3u4v transaction_id=- status=success
2026-01-21 10:52:00 IST [pid=8898]: customer_kyoung QUERY: SELECT points_balance, tier FROM rewards WHERE user_id='customer_kyoung'; session_id=5w6x7y8z transaction_id=- status=success
2026-01-21 10:53:54 IST [pid=3343]: customer_jking QUERY: UPDATE rewards SET points_balance=points_balance-5000 WHERE user_id='customer_jking'; session_id=9a0b1c2d transaction_id=tx678901 status=success
2026-01-21 10:55:48 IST [pid=6676]: customer_mwright QUERY: SELECT policy_number, coverage_amount FROM insurance WHERE user_id='customer_mwright'; session_id=3e4f5g6h transaction_id=- status=success
2026-01-21 10:57:43 IST [pid=1121]: acc_8910 QUERY: INSERT INTO insurance_applications (user_id, type, coverage_amount) VALUES ('acc_8910', 'life_insurance', 500000); session_id=7i8j9k0l transaction_id=tx789012 status=success
2026-01-21 10:59:39 IST [pid=4454]: customer_plopez QUERY: SELECT document_name, year FROM tax_documents WHERE user_id='customer_plopez'; session_id=1m2n3o4p transaction_id=- status=success
2026-01-21 11:01:36 IST [pid=7787]: customer_shill QUERY: UPDATE document_access SET download_count=download_count+1 WHERE document_id='tax_2025_123'; session_id=5q6r7s8t transaction_id=- status=success
2026-01-21 11:03:34 IST [pid=2229]: customer_bscott QUERY: SELECT exchange_rate FROM currency_rates WHERE from_currency='USD' AND to_currency='EUR'; session_id=9u0v1w2x transaction_id=- status=success
2026-01-21 11:05:33 IST [pid=5564]: acc_4567 QUERY: INSERT INTO currency_conversions (user_id, from_amount, to_amount, rate) VALUES ('acc_4567', 1000, 920, 0.92); session_id=3y4z5a6b transaction_id=tx890123 status=success
2026-01-21 11:07:33 IST [pid=8897]: customer_dgreen QUERY: SELECT business_name, ein FROM business_accounts WHERE user_id='customer_dgreen'; session_id=7c8d9e0f transaction_id=- status=success
2026-01-21 11:09:34 IST [pid=3342]: customer_eadams QUERY: INSERT INTO payroll (business_id, employee_id, amount) VALUES ('bus_123', 'emp_456', 3500); session_id=1g2h3i4j transaction_id=tx901234 status=success
2026-01-21 11:11:36 IST [pid=6675]: customer_jbaker QUERY: SELECT statement_id FROM estatements WHERE user_id='customer_jbaker' AND status='active'; session_id=5k6l7m8n transaction_id=- status=success
2026-01-21 11:13:39 IST [pid=1120]: acc_1234 QUERY: UPDATE user_preferences SET estatement_opt_in=true WHERE user_id='acc_1234'; session_id=9o0p1q2r transaction_id=- status=success
2026-01-21 11:15:43 IST [pid=4453]: customer_gnelson QUERY: SELECT latitude, longitude FROM atm_locations WHERE zip_code='10001'; session_id=3s4t5u6v transaction_id=- status=success
2026-01-21 11:17:48 IST [pid=7786]: customer_ccarter QUERY: INSERT INTO check_deposits (account_id, check_number, amount) VALUES ('customer_ccarter', 'CHK789012', 1250.75); session_id=7w8x9y0z transaction_id=tx012345 status=success
2026-01-21 11:19:54 IST [pid=2228]: customer_mmitchell QUERY: SELECT status, amount FROM wire_transfers WHERE reference_id='WTX7890123'; session_id=1a2b3c4d transaction_id=- status=success
2026-01-21 11:22:01 IST [pid=5563]: acc_7890 QUERY: UPDATE checks SET status='stopped' WHERE check_number='78901234'; session_id=5e6f7g8h transaction_id=tx123457 status=success
2026-01-21 11:24:09 IST [pid=8896]: customer_rperez QUERY: SELECT remaining_balance, next_payment_date FROM loan_accounts WHERE loan_id='LN789012'; session_id=9i0j1k2l transaction_id=- status=success
2026-01-21 11:26:18 IST [pid=3341]: customer_jroberts QUERY: UPDATE loan_payments SET payment_amount=450 WHERE loan_id='LN789012'; session_id=3m4n5o6p transaction_id=tx234568 status=success
2026-01-21 11:28:28 IST [pid=6674]: customer_dturner QUERY: SELECT credit_score, last_updated FROM credit_scores WHERE user_id='customer_dturner'; session_id=7q8r9s0t transaction_id=- status=success
2026-01-21 11:30:39 IST [pid=1119]: acc_3456 QUERY: INSERT INTO credit_consents (user_id, consent_type) VALUES ('acc_3456', 'score_monitoring'); session_id=1u2v3w4x transaction_id=- status=success
2026-01-21 11:32:51 IST [pid=4452]: customer_pphillips QUERY: SELECT zelle_email, status FROM zelle_contacts WHERE user_id='customer_pphillips'; session_id=5y6z7a8b transaction_id=- status=success
2026-01-21 11:35:04 IST [pid=7785]: customer_campbell QUERY: INSERT INTO zelle_transfers (sender_id, receiver_email, amount) VALUES ('customer_campbell', 'friend@email.com', 100); session_id=9c0d1e2f transaction_id=tx345679 status=success
2026-01-21 11:37:18 IST [pid=2227]: customer_jevans QUERY: SELECT routing_number, account_number FROM direct_deposit WHERE user_id='customer_jevans'; session_id=3g4h5i6j transaction_id=- status=success
2026-01-21 11:39:33 IST [pid=5562]: acc_9012 QUERY: UPDATE direct_deposit SET active=true WHERE user_id='acc_9012'; session_id=7k8l9m0n transaction_id=tx456780 status=success
2026-01-21 11:41:49 IST [pid=8895]: customer_reed QUERY: SELECT goal_name, target_amount FROM savings_goals WHERE user_id='customer_reed'; session_id=1o2p3q4r transaction_id=- status=success
2026-01-21 11:44:06 IST [pid=3340]: customer_bmurphy QUERY: INSERT INTO savings_goals (user_id, goal_name, target_amount) VALUES ('customer_bmurphy', 'Vacation', 5000); session_id=5s6t7u8v transaction_id=tx567891 status=success
2026-01-21 11:46:24 IST [pid=6673]: customer_arivera QUERY: SELECT overdraft_limit, protection_status FROM overdraft_protection WHERE user_id='customer_arivera'; session_id=9w0x1y2z transaction_id=- status=success
2026-01-21 11:48:43 IST [pid=1118]: acc_5678 QUERY: UPDATE overdraft_protection SET protection_status='enabled' WHERE account_id='5678'; session_id=3a4b5c6d transaction_id=tx678902 status=success
2026-01-21 11:51:03 IST [pid=4451]: customer_rcook QUERY: SELECT dispute_id, amount FROM transaction_disputes WHERE user_id='customer_rcook'; session_id=7e8f9g0h transaction_id=- status=success
2026-01-21 11:53:24 IST [pid=7784]: customer_rmorgan QUERY: INSERT INTO transaction_disputes (user_id, transaction_id, reason) VALUES ('customer_rmorgan', 'TX789012', 'unauthorized'); session_id=1i2j3k4l transaction_id=tx789013 status=success
2026-01-21 11:55:46 IST [pid=2226]: customer_dbell QUERY: SELECT country, travel_dates FROM travel_notices WHERE user_id='customer_dbell'; session_id=5m6n7o8p transaction_id=- status=success
2026-01-21 11:58:09 IST [pid=5561]: acc_1122 QUERY: INSERT INTO travel_notices (user_id, country, start_date, end_date) VALUES ('acc_1122', 'France', '2026-02-01', '2026-02-15'); session_id=9q0r1s2t transaction_id=tx890124 status=success
2026-01-21 12:00:33 IST [pid=8894]: customer_acooper QUERY: SELECT card_status, daily_limit FROM card_controls WHERE card_id='card_789012'; session_id=3u4v5w6x transaction_id=- status=success
2026-01-21 12:02:58 IST [pid=3339]: customer_jrichardson QUERY: UPDATE card_controls SET card_status='locked' WHERE card_id='card_789012'; session_id=7y8z9a0b transaction_id=- status=success
2026-01-21 12:05:24 IST [pid=6672]: customer_ccox QUERY: SELECT merchant_name, amount FROM recurring_payments WHERE user_id='customer_ccox'; session_id=1c2d3e4f transaction_id=- status=success
2026-01-21 12:07:51 IST [pid=1117]: acc_3344 QUERY: UPDATE recurring_payments SET status='cancelled' WHERE subscription_id='SUB789012'; session_id=5g6h7i8j transaction_id=tx901235 status=success
2026-01-21 12:10:19 IST [pid=4450]: customer_howard QUERY: SELECT will_id, executor_name FROM estate_documents WHERE user_id='customer_howard'; session_id=9k0l1m2n transaction_id=- status=success
2026-01-21 12:12:48 IST [pid=7783]: customer_sward QUERY: INSERT INTO estate_documents (user_id, document_type, file_path) VALUES ('customer_sward', 'will', '/documents/will_2026.pdf'); session_id=3o4p5q6r transaction_id=tx012346 status=success
2026-01-21 12:15:18 IST [pid=2225]: customer_ttorres QUERY: SELECT deposit_limit, available_today FROM mobile_deposit_limits WHERE user_id='customer_ttorres'; session_id=7s8t9u0v transaction_id=- status=success
2026-01-21 12:17:49 IST [pid=5560]: acc_5566 QUERY: INSERT INTO check_images (check_id, front_image, back_image) VALUES ('CHK890123', 'front.jpg', 'back.jpg'); session_id=1w2x3y4z transaction_id=tx123458 status=success
2026-01-21 12:20:21 IST [pid=8893]: customer_peterson QUERY: SELECT alert_rate, current_rate FROM rate_alerts WHERE user_id='customer_peterson'; session_id=5a6b7c8d transaction_id=- status=success
2026-01-21 12:22:54 IST [pid=3338]: customer_gray QUERY: INSERT INTO rate_alerts (user_id, currency_pair, target_rate) VALUES ('customer_gray', 'USD/EUR', 0.95); session_id=9e0f1g2h transaction_id=tx234569 status=success
2026-01-21 12:25:28 IST [pid=6671]: acc_7788 QUERY: SELECT beneficiary_name, relationship FROM beneficiaries WHERE account_id='7788'; session_id=3i4j5k6l transaction_id=- status=success
2026-01-21 12:28:03 IST [pid=1116]: customer_james QUERY: INSERT INTO beneficiaries (account_id, beneficiary_name, percentage) VALUES ('customer_james', 'Sarah James', 50); session_id=7m8n9o0p transaction_id=tx345680 status=success
2026-01-21 12:30:39 IST [pid=4449]: customer_watson QUERY: SELECT message_id, subject FROM secure_messages WHERE user_id='customer_watson'; session_id=1q2r3s4t transaction_id=- status=success
2026-01-21 12:33:16 IST [pid=7782]: acc_9900 QUERY: INSERT INTO secure_messages (user_id, recipient_id, subject, body) VALUES ('acc_9900', 'support', 'Question', 'How do I...'); session_id=5u6v7w8x transaction_id=- status=success
2026-01-21 12:35:54 IST [pid=2224]: customer_brooks QUERY: SELECT auto_loan_rate, term FROM auto_loan_rates WHERE credit_tier='A'; session_id=9y0z1a2b transaction_id=- status=success
2026-01-21 12:38:33 IST [pid=5559]: customer_kelly QUERY: INSERT INTO auto_loan_applications (user_id, vehicle_price, down_payment) VALUES ('customer_kelly', 35000, 5000); session_id=3c4d5e6f transaction_id=tx456781 status=success
2026-01-21 12:41:13 IST [pid=8892]: acc_2233 QUERY: SELECT ira_balance, contribution_ytd FROM retirement_accounts WHERE account_id='2233'; session_id=7g8h9i0j transaction_id=- status=success
2026-01-21 12:43:54 IST [pid=3337]: customer_sanders QUERY: UPDATE retirement_accounts SET ira_balance=ira_balance+2000 WHERE user_id='customer_sanders'; session_id=1k2l3m4n transaction_id=tx567892 status=success
2026-01-21 12:46:36 IST [pid=6670]: customer_price QUERY: SELECT loan_balance, next_payment FROM student_loans WHERE user_id='customer_price'; session_id=5o6p7q8r transaction_id=- status=success
2026-01-21 12:49:19 IST [pid=1115]: customer_bennett QUERY: UPDATE student_loans SET deferment_end='2027-01-01' WHERE loan_id='SLN789012'; session_id=9s0t1u2v transaction_id=tx678903 status=success
2026-01-21 12:52:03 IST [pid=4448]: acc_4455 QUERY: SELECT hsa_balance, investment_balance FROM hsa_accounts WHERE account_id='4455'; session_id=3w4x5y6z transaction_id=- status=success
2026-01-21 12:54:48 IST [pid=7781]: customer_wood QUERY: INSERT INTO hsa_contributions (account_id, amount, year) VALUES ('customer_wood', 3650, 2026); session_id=7a8b9c0d transaction_id=tx789014 status=success
2026-01-21 12:57:34 IST [pid=2223]: customer_barnes QUERY: SELECT trust_id, beneficiaries FROM trust_accounts WHERE user_id='customer_barnes'; session_id=1e2f3g4h transaction_id=- status=success
2026-01-21 13:00:21 IST [pid=5558]: customer_ross QUERY: INSERT INTO trust_inquiries (user_id, trust_type, estimated_value) VALUES ('customer_ross', 'revocable', 1000000); session_id=5i6j7k8l transaction_id=tx890125 status=success
2026-01-21 13:03:09 IST [pid=8891]: acc_6677 QUERY: SELECT box_number, size FROM safe_deposit_boxes WHERE customer_id='acc_6677'; session_id=9m0n1o2p transaction_id=- status=success
2026-01-21 13:05:58 IST [pid=3336]: customer_henderson QUERY: INSERT INTO box_access_logs (box_number, access_time) VALUES ('B789', '2026-01-21 13:05:58'); session_id=3q4r5s6t transaction_id=tx901236 status=success
2026-01-21 13:08:48 IST [pid=6669]: customer_coleman QUERY: SELECT advisor_id, next_appointment FROM financial_planners WHERE user_id='customer_coleman'; session_id=7u8v9w0x transaction_id=- status=success
2026-01-21 13:11:39 IST [pid=1114]: acc_8899 QUERY: INSERT INTO advisor_requests (user_id, meeting_type, preferred_time) VALUES ('acc_8899', 'retirement', '2026-02-15 14:00:00'); session_id=1y2z3a4b transaction_id=tx012347 status=success
2026-01-21 13:14:31 IST [pid=4447]: customer_jenkins QUERY: SELECT protection_status, alert_preferences FROM identity_protection WHERE user_id='customer_jenkins'; session_id=5c6d7e8f transaction_id=- status=success
2026-01-21 13:17:24 IST [pid=7780]: customer_perry QUERY: UPDATE identity_protection SET protection_status='active' WHERE user_id='customer_perry'; session_id=9g0h1i2j transaction_id=tx123459 status=success
2026-01-21 13:20:18 IST [pid=2222]: customer_powell QUERY: SELECT alert_id, severity FROM fraud_alerts WHERE user_id='customer_powell'; session_id=3k4l5m6n transaction_id=- status=success
2026-01-21 13:23:13 IST [pid=5557]: acc_0011 QUERY: INSERT INTO fraud_reports (user_id, transaction_id, description) VALUES ('acc_0011', 'TX890123', 'Unauthorized charge'); session_id=7o8p9q0r transaction_id=tx234570 status=success
2026-01-21 13:26:09 IST [pid=8890]: customer_long QUERY: SELECT wire_id, amount FROM recent_wires WHERE user_id='customer_long'; session_id=1s2t3u4v transaction_id=- status=success
2026-01-21 13:29:06 IST [pid=3335]: customer_patterson QUERY: UPDATE wire_transfers SET status='cancelled' WHERE wire_id='WIRE789012'; session_id=5w6x7y8z transaction_id=tx345681 status=success
2026-01-21 13:32:04 IST [pid=6668]: customer_hughes QUERY: SELECT ach_id, company_name FROM ach_authorizations WHERE user_id='customer_hughes'; session_id=9a0b1c2d transaction_id=- status=success
2026-01-21 13:35:03 IST [pid=1113]: acc_1123 QUERY: INSERT INTO ach_authorizations (user_id, company_name, amount_limit) VALUES ('acc_1123', 'Netflix', 20); session_id=3e4f5g6h transaction_id=tx456782 status=success
2026-01-21 13:38:03 IST [pid=4446]: customer_flores QUERY: SELECT external_bank, account_number FROM external_accounts WHERE user_id='customer_flores'; session_id=7i8j9k0l transaction_id=- status=success
2026-01-21 13:41:04 IST [pid=7779]: customer_washington QUERY: INSERT INTO external_accounts (user_id, bank_name, account_number, routing_number) VALUES ('customer_washington', 'Chase', '987654321', '021000021'); session_id=1m2n3o4p transaction_id=tx567893 status=success